Archive member included because of file (symbol)

../hello_bsp/\libhal_bsp.a(alt_getchar.o)
                              obj/default/hello_world_small.o (alt_getchar)
../hello_bsp/\libhal_bsp.a(alt_load.o)
                              ../hello_bsp//obj/HAL/src/crt0.o (alt_load)
../hello_bsp/\libhal_bsp.a(alt_main.o)
                              ../hello_bsp//obj/HAL/src/crt0.o (alt_main)
../hello_bsp/\libhal_bsp.a(alt_printf.o)
                              obj/default/hello_world_small.o (alt_printf)
../hello_bsp/\libhal_bsp.a(alt_putchar.o)
                              obj/default/hello_world_small.o (alt_putchar)
../hello_bsp/\libhal_bsp.a(alt_putstr.o)
                              obj/default/hello_world_small.o (alt_putstr)
../hello_bsp/\libhal_bsp.a(alt_sys_init.o)
                              ../hello_bsp/\libhal_bsp.a(alt_main.o) (alt_sys_init)
../hello_bsp/\libhal_bsp.a(altera_avalon_uart_read.o)
                              ../hello_bsp/\libhal_bsp.a(alt_getchar.o) (altera_avalon_uart_read)
../hello_bsp/\libhal_bsp.a(altera_avalon_uart_write.o)
                              ../hello_bsp/\libhal_bsp.a(alt_putchar.o) (altera_avalon_uart_write)
../hello_bsp/\libhal_bsp.a(alt_dcache_flush_all.o)
                              ../hello_bsp/\libhal_bsp.a(alt_load.o) (alt_dcache_flush_all)
../hello_bsp/\libhal_bsp.a(alt_dev.o)
                              ../hello_bsp/\libhal_bsp.a(alt_getchar.o) (alt_fd_list)
../hello_bsp/\libhal_bsp.a(alt_errno.o)
                              ../hello_bsp/\libhal_bsp.a(altera_avalon_uart_read.o) (alt_errno)
../hello_bsp/\libhal_bsp.a(alt_icache_flush_all.o)
                              ../hello_bsp/\libhal_bsp.a(alt_load.o) (alt_icache_flush_all)
../hello_bsp/\libhal_bsp.a(altera_nios2_qsys_irq.o)
                              ../hello_bsp/\libhal_bsp.a(alt_sys_init.o) (altera_nios2_qsys_irq_init)
c:/altera/13.0/nios2eds/bin/gnu/h-i686-mingw32/bin/../lib/gcc/nios2-elf/4.1.2/../../../../nios2-elf/lib/mno-hw-mul\libsmallc.a(lib_a-int_errno.o)
                              ../hello_bsp/\libhal_bsp.a(altera_avalon_uart_read.o) (errno)
c:/altera/13.0/nios2eds/bin/gnu/h-i686-mingw32/bin/../lib/gcc/nios2-elf/4.1.2/../../../../nios2-elf/lib/mno-hw-mul\libsmallc.a(lib_a-strlen.o)
                              ../hello_bsp/\libhal_bsp.a(alt_putstr.o) (strlen)

Allocating common symbols
Common symbol       size              file

errno               0x4               c:/altera/13.0/nios2eds/bin/gnu/h-i686-mingw32/bin/../lib/gcc/nios2-elf/4.1.2/../../../../nios2-elf/lib/mno-hw-mul\libsmallc.a(lib_a-int_errno.o)

Memory Configuration

Name             Origin             Length             Attributes
reset            0x00004000         0x00000020
onchip_memory2_0 0x00004020         0x00001fe4
*default*        0x00000000         0xffffffff

Linker script and memory map

LOAD ../hello_bsp//obj/HAL/src/crt0.o
                0x0000400c                exit = _exit
LOAD obj/default/hello_world_small.o
LOAD c:/altera/13.0/nios2eds/bin/gnu/h-i686-mingw32/bin/../lib/gcc/nios2-elf/4.1.2/../../../../nios2-elf/lib/mno-hw-mul\libstdc++.a
LOAD c:/altera/13.0/nios2eds/bin/gnu/h-i686-mingw32/bin/../lib/gcc/nios2-elf/4.1.2/../../../../nios2-elf/lib/mno-hw-mul\libm.a
LOAD c:/altera/13.0/nios2eds/bin/gnu/h-i686-mingw32/bin/../lib/gcc/nios2-elf/4.1.2/mno-hw-mul\libgcc.a
START GROUP
LOAD c:/altera/13.0/nios2eds/bin/gnu/h-i686-mingw32/bin/../lib/gcc/nios2-elf/4.1.2/../../../../nios2-elf/lib/mno-hw-mul\libsmallc.a
LOAD c:/altera/13.0/nios2eds/bin/gnu/h-i686-mingw32/bin/../lib/gcc/nios2-elf/4.1.2/mno-hw-mul\libgcc.a
LOAD ../hello_bsp/\libhal_bsp.a
END GROUP
LOAD c:/altera/13.0/nios2eds/bin/gnu/h-i686-mingw32/bin/../lib/gcc/nios2-elf/4.1.2/mno-hw-mul\libgcc.a
                0x00004000                __alt_mem_onchip_memory2_0 = 0x4000

.entry          0x00004000       0x20
 *(.entry)
 .entry         0x00004000       0x20 ../hello_bsp//obj/HAL/src/crt0.o
                0x00004000                __reset
                0x0000400c                _exit

.exceptions     0x00004020        0x0
                0x00004020                PROVIDE (__ram_exceptions_start, ABSOLUTE (.))
                0x00004020                . = ALIGN (0x20)
 *(.irq)
 *(.exceptions.entry.label)
 *(.exceptions.entry.user)
 *(.exceptions.entry)
 *(.exceptions.irqtest.user)
 *(.exceptions.irqtest)
 *(.exceptions.irqhandler.user)
 *(.exceptions.irqhandler)
 *(.exceptions.irqreturn.user)
 *(.exceptions.irqreturn)
 *(.exceptions.notirq.label)
 *(.exceptions.notirq.user)
 *(.exceptions.notirq)
 *(.exceptions.soft.user)
 *(.exceptions.soft)
 *(.exceptions.unknown.user)
 *(.exceptions.unknown)
 *(.exceptions.exit.label)
 *(.exceptions.exit.user)
 *(.exceptions.exit)
 *(.exceptions)
                0x00004020                PROVIDE (__ram_exceptions_end, ABSOLUTE (.))
                0x00004020                PROVIDE (__flash_exceptions_start, LOADADDR (.exceptions))

.text           0x00004020      0x4b4
                0x00004020                PROVIDE (stext, ABSOLUTE (.))
 *(.interp)
 *(.hash)
 *(.dynsym)
 *(.dynstr)
 *(.gnu.version)
 *(.gnu.version_d)
 *(.gnu.version_r)
 *(.rel.init)
 *(.rela.init)
 *(.rel.text .rel.text.* .rel.gnu.linkonce.t.*)
 *(.rela.text .rela.text.* .rela.gnu.linkonce.t.*)
 *(.rel.fini)
 *(.rela.fini)
 *(.rel.rodata .rel.rodata.* .rel.gnu.linkonce.r.*)
 *(.rela.rodata .rela.rodata.* .rela.gnu.linkonce.r.*)
 *(.rel.data .rel.data.* .rel.gnu.linkonce.d.*)
 *(.rela.data .rela.data.* .rela.gnu.linkonce.d.*)
 *(.rel.tdata .rel.tdata.* .rel.gnu.linkonce.td.*)
 *(.rela.tdata .rela.tdata.* .rela.gnu.linkonce.td.*)
 *(.rel.tbss .rel.tbss.* .rel.gnu.linkonce.tb.*)
 *(.rela.tbss .rela.tbss.* .rela.gnu.linkonce.tb.*)
 *(.rel.ctors)
 *(.rela.ctors)
 *(.rel.dtors)
 *(.rela.dtors)
 *(.rel.got)
 *(.rela.got)
 *(.rel.sdata .rel.sdata.* .rel.gnu.linkonce.s.*)
 *(.rela.sdata .rela.sdata.* .rela.gnu.linkonce.s.*)
 *(.rel.sbss .rel.sbss.* .rel.gnu.linkonce.sb.*)
 *(.rela.sbss .rela.sbss.* .rela.gnu.linkonce.sb.*)
 *(.rel.sdata2 .rel.sdata2.* .rel.gnu.linkonce.s2.*)
 *(.rela.sdata2 .rela.sdata2.* .rela.gnu.linkonce.s2.*)
 *(.rel.sbss2 .rel.sbss2.* .rel.gnu.linkonce.sb2.*)
 *(.rela.sbss2 .rela.sbss2.* .rela.gnu.linkonce.sb2.*)
 *(.rel.bss .rel.bss.* .rel.gnu.linkonce.b.*)
 *(.rela.bss .rela.bss.* .rela.gnu.linkonce.b.*)
 *(.rel.plt)
 *(.rela.plt)
 *(.rel.dyn)
 *(.init)
 *(.plt)
 *(.text .stub .text.* .gnu.linkonce.t.*)
 .text          0x00004020       0x3c ../hello_bsp//obj/HAL/src/crt0.o
                0x00004020                _start
 .text          0x0000405c       0x40 obj/default/hello_world_small.o
                0x0000405c                main
 .text          0x0000409c       0x44 ../hello_bsp/\libhal_bsp.a(alt_getchar.o)
                0x0000409c                alt_getchar
 .text          0x000040e0       0x8c ../hello_bsp/\libhal_bsp.a(alt_load.o)
                0x00004100                alt_load
 .text          0x0000416c       0x2c ../hello_bsp/\libhal_bsp.a(alt_main.o)
                0x0000416c                alt_main
 .text          0x00004198      0x144 ../hello_bsp/\libhal_bsp.a(alt_printf.o)
                0x00004198                alt_printf
 .text          0x000042dc       0x50 ../hello_bsp/\libhal_bsp.a(alt_putchar.o)
                0x000042dc                alt_putchar
 .text          0x0000432c       0x38 ../hello_bsp/\libhal_bsp.a(alt_putstr.o)
                0x0000432c                alt_putstr
 .text          0x00004364       0x24 ../hello_bsp/\libhal_bsp.a(alt_sys_init.o)
                0x00004364                alt_sys_init
                0x00004368                alt_irq_init
 .text          0x00004388       0x80 ../hello_bsp/\libhal_bsp.a(altera_avalon_uart_read.o)
                0x00004388                altera_avalon_uart_read
 .text          0x00004408       0x94 ../hello_bsp/\libhal_bsp.a(altera_avalon_uart_write.o)
                0x00004408                altera_avalon_uart_write
 .text          0x0000449c        0x4 ../hello_bsp/\libhal_bsp.a(alt_dcache_flush_all.o)
                0x0000449c                alt_dcache_flush_all
 .text          0x000044a0        0x8 ../hello_bsp/\libhal_bsp.a(alt_dev.o)
 .text          0x000044a8        0x0 ../hello_bsp/\libhal_bsp.a(alt_errno.o)
 .text          0x000044a8        0x4 ../hello_bsp/\libhal_bsp.a(alt_icache_flush_all.o)
                0x000044a8                alt_icache_flush_all
 .text          0x000044ac        0x8 ../hello_bsp/\libhal_bsp.a(altera_nios2_qsys_irq.o)
                0x000044ac                altera_nios2_qsys_irq_init
 .text          0x000044b4        0x0 c:/altera/13.0/nios2eds/bin/gnu/h-i686-mingw32/bin/../lib/gcc/nios2-elf/4.1.2/../../../../nios2-elf/lib/mno-hw-mul\libsmallc.a(lib_a-int_errno.o)
 .text          0x000044b4       0x20 c:/altera/13.0/nios2eds/bin/gnu/h-i686-mingw32/bin/../lib/gcc/nios2-elf/4.1.2/../../../../nios2-elf/lib/mno-hw-mul\libsmallc.a(lib_a-strlen.o)
                0x000044b4                strlen
 *(.gnu.warning.*)
 *(.fini)
                0x000044d4                PROVIDE (__etext, ABSOLUTE (.))
                0x000044d4                PROVIDE (_etext, ABSOLUTE (.))
                0x000044d4                PROVIDE (etext, ABSOLUTE (.))
 *(.eh_frame_hdr)
                0x000044d4                . = ALIGN (0x4)
                0x000044d4                PROVIDE (__preinit_array_start, ABSOLUTE (.))
 *(.preinit_array)
                0x000044d4                PROVIDE (__preinit_array_end, ABSOLUTE (.))
                0x000044d4                PROVIDE (__init_array_start, ABSOLUTE (.))
 *(.init_array)
                0x000044d4                PROVIDE (__init_array_end, ABSOLUTE (.))
                0x000044d4                PROVIDE (__fini_array_start, ABSOLUTE (.))
 *(.fini_array)
                0x000044d4                PROVIDE (__fini_array_end, ABSOLUTE (.))
 *(.eh_frame)
 *(.gcc_except_table)
 *(.dynamic)
                0x000044d4                PROVIDE (__CTOR_LIST__, ABSOLUTE (.))
 *(.ctors)
 *(SORT(.ctors.*))
                0x000044d4                PROVIDE (__CTOR_END__, ABSOLUTE (.))
                0x000044d4                PROVIDE (__DTOR_LIST__, ABSOLUTE (.))
 *(.dtors)
 *(SORT(.dtors.*))
                0x000044d4                PROVIDE (__DTOR_END__, ABSOLUTE (.))
 *(.jcr)
                0x000044d4                . = ALIGN (0x4)

.rodata         0x000044d4       0x3c
                0x000044d4                PROVIDE (__ram_rodata_start, ABSOLUTE (.))
                0x000044d4                . = ALIGN (0x4)
 *(.rodata .rodata.* .gnu.linkonce.r.*)
 .rodata.str1.1
                0x000044d4       0x31 obj/default/hello_world_small.o
 .rodata.str1.1
                0x00004505        0xa ../hello_bsp/\libhal_bsp.a(alt_dev.o)
 *(.rodata1)
                0x00004510                . = ALIGN (0x4)
 *fill*         0x0000450f        0x1 00
                0x00004510                PROVIDE (__ram_rodata_end, ABSOLUTE (.))
                0x000044d4                PROVIDE (__flash_rodata_start, LOADADDR (.rodata))

.rwdata         0x00004510       0x74 load address 0x00004584
                0x00004510                PROVIDE (__ram_rwdata_start, ABSOLUTE (.))
                0x00004510                . = ALIGN (0x4)
 *(.got.plt)
 *(.got)
 *(.data1)
 *(.data .data.* .gnu.linkonce.d.*)
 .data          0x00004510        0x0 ../hello_bsp//obj/HAL/src/crt0.o
 .data          0x00004510        0x0 obj/default/hello_world_small.o
 .data          0x00004510        0x0 ../hello_bsp/\libhal_bsp.a(alt_getchar.o)
 .data          0x00004510        0x0 ../hello_bsp/\libhal_bsp.a(alt_load.o)
 .data          0x00004510        0x0 ../hello_bsp/\libhal_bsp.a(alt_main.o)
 .data          0x00004510        0x0 ../hello_bsp/\libhal_bsp.a(alt_printf.o)
 .data          0x00004510        0x0 ../hello_bsp/\libhal_bsp.a(alt_putchar.o)
 .data          0x00004510        0x0 ../hello_bsp/\libhal_bsp.a(alt_putstr.o)
 .data          0x00004510        0x0 ../hello_bsp/\libhal_bsp.a(alt_sys_init.o)
 .data          0x00004510        0x0 ../hello_bsp/\libhal_bsp.a(altera_avalon_uart_read.o)
 .data          0x00004510        0x0 ../hello_bsp/\libhal_bsp.a(altera_avalon_uart_write.o)
 .data          0x00004510        0x0 ../hello_bsp/\libhal_bsp.a(alt_dcache_flush_all.o)
 .data          0x00004510       0x58 ../hello_bsp/\libhal_bsp.a(alt_dev.o)
                0x00004510                alt_dev_null
                0x00004538                alt_fd_list
 .data          0x00004568        0x0 ../hello_bsp/\libhal_bsp.a(alt_errno.o)
 .data          0x00004568        0x0 ../hello_bsp/\libhal_bsp.a(alt_icache_flush_all.o)
 .data          0x00004568        0x0 ../hello_bsp/\libhal_bsp.a(altera_nios2_qsys_irq.o)
 .data          0x00004568        0x0 c:/altera/13.0/nios2eds/bin/gnu/h-i686-mingw32/bin/../lib/gcc/nios2-elf/4.1.2/../../../../nios2-elf/lib/mno-hw-mul\libsmallc.a(lib_a-int_errno.o)
 .data          0x00004568        0x0 c:/altera/13.0/nios2eds/bin/gnu/h-i686-mingw32/bin/../lib/gcc/nios2-elf/4.1.2/../../../../nios2-elf/lib/mno-hw-mul\libsmallc.a(lib_a-strlen.o)
                0x0000c568                _gp = ABSOLUTE ((. + 0x8000))
                0x0000c568                PROVIDE (gp, _gp)
 *(.rwdata .rwdata.*)
 *(.sdata .sdata.* .gnu.linkonce.s.*)
 .sdata         0x00004568        0x4 ../hello_bsp/\libhal_bsp.a(alt_sys_init.o)
                0x00004568                uart_0
 .sdata         0x0000456c       0x14 ../hello_bsp/\libhal_bsp.a(alt_dev.o)
                0x0000456c                alt_fs_list
                0x00004574                alt_dev_list
                0x0000457c                alt_max_fd
 .sdata         0x00004580        0x4 ../hello_bsp/\libhal_bsp.a(alt_errno.o)
                0x00004580                alt_errno
 *(.sdata2 .sdata2.* .gnu.linkonce.s2.*)
                0x00004584                . = ALIGN (0x4)
                0x00004584                _edata = ABSOLUTE (.)
                0x00004584                PROVIDE (edata, ABSOLUTE (.))
                0x00004584                PROVIDE (__ram_rwdata_end, ABSOLUTE (.))
                0x00004584                PROVIDE (__flash_rwdata_start, LOADADDR (.rwdata))

.bss            0x000045f8       0x10
                0x000045f8                __bss_start = ABSOLUTE (.)
                0x000045f8                PROVIDE (__sbss_start, ABSOLUTE (.))
                0x000045f8                PROVIDE (___sbss_start, ABSOLUTE (.))
 *(.dynsbss)
 *(.sbss .sbss.* .gnu.linkonce.sb.*)
 .sbss          0x000045f8        0xc ../hello_bsp/\libhal_bsp.a(alt_main.o)
                0x000045f8                alt_argc
                0x000045fc                alt_argv
                0x00004600                alt_envp
 .sbss          0x00004604        0x4 c:/altera/13.0/nios2eds/bin/gnu/h-i686-mingw32/bin/../lib/gcc/nios2-elf/4.1.2/../../../../nios2-elf/lib/mno-hw-mul\libsmallc.a(lib_a-int_errno.o)
                0x00004604                errno
 *(.sbss2 .sbss2.* .gnu.linkonce.sb2.*)
 *(.scommon)
                0x00004608                PROVIDE (__sbss_end, ABSOLUTE (.))
                0x00004608                PROVIDE (___sbss_end, ABSOLUTE (.))
 *(.dynbss)
 *(.bss .bss.* .gnu.linkonce.b.*)
 .bss           0x00004608        0x0 ../hello_bsp//obj/HAL/src/crt0.o
 .bss           0x00004608        0x0 obj/default/hello_world_small.o
 .bss           0x00004608        0x0 ../hello_bsp/\libhal_bsp.a(alt_getchar.o)
 .bss           0x00004608        0x0 ../hello_bsp/\libhal_bsp.a(alt_load.o)
 .bss           0x00004608        0x0 ../hello_bsp/\libhal_bsp.a(alt_main.o)
 .bss           0x00004608        0x0 ../hello_bsp/\libhal_bsp.a(alt_printf.o)
 .bss           0x00004608        0x0 ../hello_bsp/\libhal_bsp.a(alt_putchar.o)
 .bss           0x00004608        0x0 ../hello_bsp/\libhal_bsp.a(alt_putstr.o)
 .bss           0x00004608        0x0 ../hello_bsp/\libhal_bsp.a(alt_sys_init.o)
 .bss           0x00004608        0x0 ../hello_bsp/\libhal_bsp.a(altera_avalon_uart_read.o)
 .bss           0x00004608        0x0 ../hello_bsp/\libhal_bsp.a(altera_avalon_uart_write.o)
 .bss           0x00004608        0x0 ../hello_bsp/\libhal_bsp.a(alt_dcache_flush_all.o)
 .bss           0x00004608        0x0 ../hello_bsp/\libhal_bsp.a(alt_dev.o)
 .bss           0x00004608        0x0 ../hello_bsp/\libhal_bsp.a(alt_errno.o)
 .bss           0x00004608        0x0 ../hello_bsp/\libhal_bsp.a(alt_icache_flush_all.o)
 .bss           0x00004608        0x0 ../hello_bsp/\libhal_bsp.a(altera_nios2_qsys_irq.o)
 .bss           0x00004608        0x0 c:/altera/13.0/nios2eds/bin/gnu/h-i686-mingw32/bin/../lib/gcc/nios2-elf/4.1.2/../../../../nios2-elf/lib/mno-hw-mul\libsmallc.a(lib_a-int_errno.o)
 .bss           0x00004608        0x0 c:/altera/13.0/nios2eds/bin/gnu/h-i686-mingw32/bin/../lib/gcc/nios2-elf/4.1.2/../../../../nios2-elf/lib/mno-hw-mul\libsmallc.a(lib_a-strlen.o)
 *(COMMON)
                0x00004608                . = ALIGN (0x4)
                0x00004608                __bss_end = ABSOLUTE (.)

.onchip_memory2_0
                0x00004608        0x0
                0x00004608                PROVIDE (_alt_partition_onchip_memory2_0_start, ABSOLUTE (.))
 *(.onchip_memory2_0. onchip_memory2_0.*)
                0x00004608                . = ALIGN (0x4)
                0x00004608                PROVIDE (_alt_partition_onchip_memory2_0_end, ABSOLUTE (.))
                0x00004608                _end = ABSOLUTE (.)
                0x00004608                end = ABSOLUTE (.)
                0x00004608                __alt_stack_base = ABSOLUTE (.)
                0x00004608                PROVIDE (_alt_partition_onchip_memory2_0_load_addr, LOADADDR (.onchip_memory2_0))

.stab
 *(.stab)

.stabstr
 *(.stabstr)

.stab.excl
 *(.stab.excl)

.stab.exclstr
 *(.stab.exclstr)

.stab.index
 *(.stab.index)

.stab.indexstr
 *(.stab.indexstr)

.comment        0x00000000       0x23
 *(.comment)
 .comment       0x00000000       0x23 obj/default/hello_world_small.o
                                 0x24 (size before relaxing)
 .comment       0x00000000       0x24 ../hello_bsp/\libhal_bsp.a(alt_getchar.o)
 .comment       0x00000000       0x24 ../hello_bsp/\libhal_bsp.a(alt_load.o)
 .comment       0x00000000       0x24 ../hello_bsp/\libhal_bsp.a(alt_main.o)
 .comment       0x00000000       0x24 ../hello_bsp/\libhal_bsp.a(alt_printf.o)
 .comment       0x00000000       0x24 ../hello_bsp/\libhal_bsp.a(alt_putchar.o)
 .comment       0x00000000       0x24 ../hello_bsp/\libhal_bsp.a(alt_putstr.o)
 .comment       0x00000000       0x24 ../hello_bsp/\libhal_bsp.a(alt_sys_init.o)
 .comment       0x00000000       0x24 ../hello_bsp/\libhal_bsp.a(altera_avalon_uart_read.o)
 .comment       0x00000000       0x24 ../hello_bsp/\libhal_bsp.a(altera_avalon_uart_write.o)
 .comment       0x00000000       0x24 ../hello_bsp/\libhal_bsp.a(alt_dcache_flush_all.o)
 .comment       0x00000000       0x24 ../hello_bsp/\libhal_bsp.a(alt_dev.o)
 .comment       0x00000000       0x24 ../hello_bsp/\libhal_bsp.a(alt_errno.o)
 .comment       0x00000000       0x24 ../hello_bsp/\libhal_bsp.a(alt_icache_flush_all.o)
 .comment       0x00000000       0x24 ../hello_bsp/\libhal_bsp.a(altera_nios2_qsys_irq.o)
 .comment       0x00000000       0x24 c:/altera/13.0/nios2eds/bin/gnu/h-i686-mingw32/bin/../lib/gcc/nios2-elf/4.1.2/../../../../nios2-elf/lib/mno-hw-mul\libsmallc.a(lib_a-int_errno.o)
 .comment       0x00000000       0x24 c:/altera/13.0/nios2eds/bin/gnu/h-i686-mingw32/bin/../lib/gcc/nios2-elf/4.1.2/../../../../nios2-elf/lib/mno-hw-mul\libsmallc.a(lib_a-strlen.o)

.debug
 *(.debug)

.line
 *(.line)

.debug_srcinfo
 *(.debug_srcinfo)

.debug_sfnames
 *(.debug_sfnames)

.debug_aranges  0x00000000      0x208
 *(.debug_aranges)
 .debug_aranges
                0x00000000       0x28 ../hello_bsp//obj/HAL/src/crt0.o
 .debug_aranges
                0x00000028       0x20 obj/default/hello_world_small.o
 .debug_aranges
                0x00000048       0x20 ../hello_bsp/\libhal_bsp.a(alt_getchar.o)
 .debug_aranges
                0x00000068       0x20 ../hello_bsp/\libhal_bsp.a(alt_load.o)
 .debug_aranges
                0x00000088       0x20 ../hello_bsp/\libhal_bsp.a(alt_main.o)
 .debug_aranges
                0x000000a8       0x20 ../hello_bsp/\libhal_bsp.a(alt_printf.o)
 .debug_aranges
                0x000000c8       0x20 ../hello_bsp/\libhal_bsp.a(alt_putchar.o)
 .debug_aranges
                0x000000e8       0x20 ../hello_bsp/\libhal_bsp.a(alt_putstr.o)
 .debug_aranges
                0x00000108       0x20 ../hello_bsp/\libhal_bsp.a(alt_sys_init.o)
 .debug_aranges
                0x00000128       0x20 ../hello_bsp/\libhal_bsp.a(altera_avalon_uart_read.o)
 .debug_aranges
                0x00000148       0x20 ../hello_bsp/\libhal_bsp.a(altera_avalon_uart_write.o)
 .debug_aranges
                0x00000168       0x20 ../hello_bsp/\libhal_bsp.a(alt_dcache_flush_all.o)
 .debug_aranges
                0x00000188       0x20 ../hello_bsp/\libhal_bsp.a(alt_dev.o)
 .debug_aranges
                0x000001a8       0x20 ../hello_bsp/\libhal_bsp.a(alt_icache_flush_all.o)
 .debug_aranges
                0x000001c8       0x20 ../hello_bsp/\libhal_bsp.a(altera_nios2_qsys_irq.o)
 .debug_aranges
                0x000001e8       0x20 c:/altera/13.0/nios2eds/bin/gnu/h-i686-mingw32/bin/../lib/gcc/nios2-elf/4.1.2/../../../../nios2-elf/lib/mno-hw-mul\libsmallc.a(lib_a-strlen.o)

.debug_pubnames
                0x00000000      0x2e5
 *(.debug_pubnames)
 .debug_pubnames
                0x00000000       0x1b obj/default/hello_world_small.o
 .debug_pubnames
                0x0000001b       0x22 ../hello_bsp/\libhal_bsp.a(alt_getchar.o)
 .debug_pubnames
                0x0000003d       0x1f ../hello_bsp/\libhal_bsp.a(alt_load.o)
 .debug_pubnames
                0x0000005c       0x46 ../hello_bsp/\libhal_bsp.a(alt_main.o)
 .debug_pubnames
                0x000000a2       0x21 ../hello_bsp/\libhal_bsp.a(alt_printf.o)
 .debug_pubnames
                0x000000c3       0x22 ../hello_bsp/\libhal_bsp.a(alt_putchar.o)
 .debug_pubnames
                0x000000e5       0x21 ../hello_bsp/\libhal_bsp.a(alt_putstr.o)
 .debug_pubnames
                0x00000106       0x3f ../hello_bsp/\libhal_bsp.a(alt_sys_init.o)
 .debug_pubnames
                0x00000145       0x2e ../hello_bsp/\libhal_bsp.a(altera_avalon_uart_read.o)
 .debug_pubnames
                0x00000173       0x2f ../hello_bsp/\libhal_bsp.a(altera_avalon_uart_write.o)
 .debug_pubnames
                0x000001a2       0x2b ../hello_bsp/\libhal_bsp.a(alt_dcache_flush_all.o)
 .debug_pubnames
                0x000001cd       0x63 ../hello_bsp/\libhal_bsp.a(alt_dev.o)
 .debug_pubnames
                0x00000230       0x20 ../hello_bsp/\libhal_bsp.a(alt_errno.o)
 .debug_pubnames
                0x00000250       0x2b ../hello_bsp/\libhal_bsp.a(alt_icache_flush_all.o)
 .debug_pubnames
                0x0000027b       0x31 ../hello_bsp/\libhal_bsp.a(altera_nios2_qsys_irq.o)
 .debug_pubnames
                0x000002ac       0x1c c:/altera/13.0/nios2eds/bin/gnu/h-i686-mingw32/bin/../lib/gcc/nios2-elf/4.1.2/../../../../nios2-elf/lib/mno-hw-mul\libsmallc.a(lib_a-int_errno.o)
 .debug_pubnames
                0x000002c8       0x1d c:/altera/13.0/nios2eds/bin/gnu/h-i686-mingw32/bin/../lib/gcc/nios2-elf/4.1.2/../../../../nios2-elf/lib/mno-hw-mul\libsmallc.a(lib_a-strlen.o)

.debug_info     0x00000000     0x161e
 *(.debug_info .gnu.linkonce.wi.*)
 .debug_info    0x00000000       0x4c ../hello_bsp//obj/HAL/src/crt0.o
 .debug_info    0x0000004c       0xa4 obj/default/hello_world_small.o
 .debug_info    0x000000f0      0x300 ../hello_bsp/\libhal_bsp.a(alt_getchar.o)
 .debug_info    0x000003f0      0x12e ../hello_bsp/\libhal_bsp.a(alt_load.o)
 .debug_info    0x0000051e      0x125 ../hello_bsp/\libhal_bsp.a(alt_main.o)
 .debug_info    0x00000643      0x11d ../hello_bsp/\libhal_bsp.a(alt_printf.o)
 .debug_info    0x00000760       0xc5 ../hello_bsp/\libhal_bsp.a(alt_putchar.o)
 .debug_info    0x00000825       0xc5 ../hello_bsp/\libhal_bsp.a(alt_putstr.o)
 .debug_info    0x000008ea      0x153 ../hello_bsp/\libhal_bsp.a(alt_sys_init.o)
 .debug_info    0x00000a3d      0x1a6 ../hello_bsp/\libhal_bsp.a(altera_avalon_uart_read.o)
 .debug_info    0x00000be3      0x1be ../hello_bsp/\libhal_bsp.a(altera_avalon_uart_write.o)
 .debug_info    0x00000da1       0x8d ../hello_bsp/\libhal_bsp.a(alt_dcache_flush_all.o)
 .debug_info    0x00000e2e      0x4dd ../hello_bsp/\libhal_bsp.a(alt_dev.o)
 .debug_info    0x0000130b       0xab ../hello_bsp/\libhal_bsp.a(alt_errno.o)
 .debug_info    0x000013b6       0x8d ../hello_bsp/\libhal_bsp.a(alt_icache_flush_all.o)
 .debug_info    0x00001443       0x8d ../hello_bsp/\libhal_bsp.a(altera_nios2_qsys_irq.o)
 .debug_info    0x000014d0       0x8c c:/altera/13.0/nios2eds/bin/gnu/h-i686-mingw32/bin/../lib/gcc/nios2-elf/4.1.2/../../../../nios2-elf/lib/mno-hw-mul\libsmallc.a(lib_a-int_errno.o)
 .debug_info    0x0000155c       0xc2 c:/altera/13.0/nios2eds/bin/gnu/h-i686-mingw32/bin/../lib/gcc/nios2-elf/4.1.2/../../../../nios2-elf/lib/mno-hw-mul\libsmallc.a(lib_a-strlen.o)

.debug_abbrev   0x00000000      0x986
 *(.debug_abbrev)
 .debug_abbrev  0x00000000       0x12 ../hello_bsp//obj/HAL/src/crt0.o
 .debug_abbrev  0x00000012       0x4e obj/default/hello_world_small.o
 .debug_abbrev  0x00000060       0xdd ../hello_bsp/\libhal_bsp.a(alt_getchar.o)
 .debug_abbrev  0x0000013d       0x97 ../hello_bsp/\libhal_bsp.a(alt_load.o)
 .debug_abbrev  0x000001d4       0xa6 ../hello_bsp/\libhal_bsp.a(alt_main.o)
 .debug_abbrev  0x0000027a       0xc7 ../hello_bsp/\libhal_bsp.a(alt_printf.o)
 .debug_abbrev  0x00000341       0x7b ../hello_bsp/\libhal_bsp.a(alt_putchar.o)
 .debug_abbrev  0x000003bc       0x7c ../hello_bsp/\libhal_bsp.a(alt_putstr.o)
 .debug_abbrev  0x00000438       0xdc ../hello_bsp/\libhal_bsp.a(alt_sys_init.o)
 .debug_abbrev  0x00000514       0xda ../hello_bsp/\libhal_bsp.a(altera_avalon_uart_read.o)
 .debug_abbrev  0x000005ee       0xf2 ../hello_bsp/\libhal_bsp.a(altera_avalon_uart_write.o)
 .debug_abbrev  0x000006e0       0x3f ../hello_bsp/\libhal_bsp.a(alt_dcache_flush_all.o)
 .debug_abbrev  0x0000071f       0xd6 ../hello_bsp/\libhal_bsp.a(alt_dev.o)
 .debug_abbrev  0x000007f5       0x5e ../hello_bsp/\libhal_bsp.a(alt_errno.o)
 .debug_abbrev  0x00000853       0x3f ../hello_bsp/\libhal_bsp.a(alt_icache_flush_all.o)
 .debug_abbrev  0x00000892       0x3f ../hello_bsp/\libhal_bsp.a(altera_nios2_qsys_irq.o)
 .debug_abbrev  0x000008d1       0x3b c:/altera/13.0/nios2eds/bin/gnu/h-i686-mingw32/bin/../lib/gcc/nios2-elf/4.1.2/../../../../nios2-elf/lib/mno-hw-mul\libsmallc.a(lib_a-int_errno.o)
 .debug_abbrev  0x0000090c       0x7a c:/altera/13.0/nios2eds/bin/gnu/h-i686-mingw32/bin/../lib/gcc/nios2-elf/4.1.2/../../../../nios2-elf/lib/mno-hw-mul\libsmallc.a(lib_a-strlen.o)

.debug_line     0x00000000     0x2414
 *(.debug_line)
 .debug_line    0x00000000       0x66 ../hello_bsp//obj/HAL/src/crt0.o
 .debug_line    0x00000066      0x111 obj/default/hello_world_small.o
 .debug_line    0x00000177      0x252 ../hello_bsp/\libhal_bsp.a(alt_getchar.o)
 .debug_line    0x000003c9      0x211 ../hello_bsp/\libhal_bsp.a(alt_load.o)
 .debug_line    0x000005da      0x2bc ../hello_bsp/\libhal_bsp.a(alt_main.o)
 .debug_line    0x00000896      0x1ef ../hello_bsp/\libhal_bsp.a(alt_printf.o)
 .debug_line    0x00000a85      0x1ec ../hello_bsp/\libhal_bsp.a(alt_putchar.o)
 .debug_line    0x00000c71      0x1d3 ../hello_bsp/\libhal_bsp.a(alt_putstr.o)
 .debug_line    0x00000e44      0x260 ../hello_bsp/\libhal_bsp.a(alt_sys_init.o)
 .debug_line    0x000010a4      0x329 ../hello_bsp/\libhal_bsp.a(altera_avalon_uart_read.o)
 .debug_line    0x000013cd      0x314 ../hello_bsp/\libhal_bsp.a(altera_avalon_uart_write.o)
 .debug_line    0x000016e1      0x1af ../hello_bsp/\libhal_bsp.a(alt_dcache_flush_all.o)
 .debug_line    0x00001890      0x246 ../hello_bsp/\libhal_bsp.a(alt_dev.o)
 .debug_line    0x00001ad6      0x1a4 ../hello_bsp/\libhal_bsp.a(alt_errno.o)
 .debug_line    0x00001c7a      0x1af ../hello_bsp/\libhal_bsp.a(alt_icache_flush_all.o)
 .debug_line    0x00001e29      0x1c8 ../hello_bsp/\libhal_bsp.a(altera_nios2_qsys_irq.o)
 .debug_line    0x00001ff1      0x1dc c:/altera/13.0/nios2eds/bin/gnu/h-i686-mingw32/bin/../lib/gcc/nios2-elf/4.1.2/../../../../nios2-elf/lib/mno-hw-mul\libsmallc.a(lib_a-int_errno.o)
 .debug_line    0x000021cd      0x247 c:/altera/13.0/nios2eds/bin/gnu/h-i686-mingw32/bin/../lib/gcc/nios2-elf/4.1.2/../../../../nios2-elf/lib/mno-hw-mul\libsmallc.a(lib_a-strlen.o)

.debug_frame    0x00000000      0x25c
 *(.debug_frame)
 .debug_frame   0x00000000       0x28 obj/default/hello_world_small.o
 .debug_frame   0x00000028       0x28 ../hello_bsp/\libhal_bsp.a(alt_getchar.o)
 .debug_frame   0x00000050       0x38 ../hello_bsp/\libhal_bsp.a(alt_load.o)
 .debug_frame   0x00000088       0x28 ../hello_bsp/\libhal_bsp.a(alt_main.o)
 .debug_frame   0x000000b0       0x2c ../hello_bsp/\libhal_bsp.a(alt_printf.o)
 .debug_frame   0x000000dc       0x2c ../hello_bsp/\libhal_bsp.a(alt_putchar.o)
 .debug_frame   0x00000108       0x28 ../hello_bsp/\libhal_bsp.a(alt_putstr.o)
 .debug_frame   0x00000130       0x38 ../hello_bsp/\libhal_bsp.a(alt_sys_init.o)
 .debug_frame   0x00000168       0x28 ../hello_bsp/\libhal_bsp.a(altera_avalon_uart_read.o)
 .debug_frame   0x00000190       0x2c ../hello_bsp/\libhal_bsp.a(altera_avalon_uart_write.o)
 .debug_frame   0x000001bc       0x20 ../hello_bsp/\libhal_bsp.a(alt_dcache_flush_all.o)
 .debug_frame   0x000001dc       0x20 ../hello_bsp/\libhal_bsp.a(alt_dev.o)
 .debug_frame   0x000001fc       0x20 ../hello_bsp/\libhal_bsp.a(alt_icache_flush_all.o)
 .debug_frame   0x0000021c       0x20 ../hello_bsp/\libhal_bsp.a(altera_nios2_qsys_irq.o)
 .debug_frame   0x0000023c       0x20 c:/altera/13.0/nios2eds/bin/gnu/h-i686-mingw32/bin/../lib/gcc/nios2-elf/4.1.2/../../../../nios2-elf/lib/mno-hw-mul\libsmallc.a(lib_a-strlen.o)

.debug_str      0x00000000      0x7dd
 *(.debug_str)
 .debug_str     0x00000000       0x87 obj/default/hello_world_small.o
                                 0xc5 (size before relaxing)
 .debug_str     0x00000087       0xf5 ../hello_bsp/\libhal_bsp.a(alt_getchar.o)
                                0x1a0 (size before relaxing)
 .debug_str     0x0000017c       0xf1 ../hello_bsp/\libhal_bsp.a(alt_load.o)
                                0x1a1 (size before relaxing)
 .debug_str     0x0000026d       0x44 ../hello_bsp/\libhal_bsp.a(alt_main.o)
                                0x125 (size before relaxing)
 .debug_str     0x000002b1       0x46 ../hello_bsp/\libhal_bsp.a(alt_printf.o)
                                 0x8c (size before relaxing)
 .debug_str     0x000002f7       0x22 ../hello_bsp/\libhal_bsp.a(alt_putchar.o)
                                 0xf4 (size before relaxing)
 .debug_str     0x00000319       0x20 ../hello_bsp/\libhal_bsp.a(alt_putstr.o)
                                 0xf2 (size before relaxing)
 .debug_str     0x00000339       0x65 ../hello_bsp/\libhal_bsp.a(alt_sys_init.o)
                                0x168 (size before relaxing)
 .debug_str     0x0000039e       0x63 ../hello_bsp/\libhal_bsp.a(altera_avalon_uart_read.o)
                                0x189 (size before relaxing)
 .debug_str     0x00000401       0x46 ../hello_bsp/\libhal_bsp.a(altera_avalon_uart_write.o)
                                0x191 (size before relaxing)
 .debug_str     0x00000447       0x34 ../hello_bsp/\libhal_bsp.a(alt_dcache_flush_all.o)
                                 0xe4 (size before relaxing)
 .debug_str     0x0000047b      0x120 ../hello_bsp/\libhal_bsp.a(alt_dev.o)
                                0x294 (size before relaxing)
 .debug_str     0x0000059b       0x14 ../hello_bsp/\libhal_bsp.a(alt_errno.o)
                                 0xd4 (size before relaxing)
 .debug_str     0x000005af       0x34 ../hello_bsp/\libhal_bsp.a(alt_icache_flush_all.o)
                                 0xe4 (size before relaxing)
 .debug_str     0x000005e3       0x3b ../hello_bsp/\libhal_bsp.a(altera_nios2_qsys_irq.o)
                                 0xeb (size before relaxing)
 .debug_str     0x0000061e       0xd9 c:/altera/13.0/nios2eds/bin/gnu/h-i686-mingw32/bin/../lib/gcc/nios2-elf/4.1.2/../../../../nios2-elf/lib/mno-hw-mul\libsmallc.a(lib_a-int_errno.o)
                                0x174 (size before relaxing)
 .debug_str     0x000006f7       0xe6 c:/altera/13.0/nios2eds/bin/gnu/h-i686-mingw32/bin/../lib/gcc/nios2-elf/4.1.2/../../../../nios2-elf/lib/mno-hw-mul\libsmallc.a(lib_a-strlen.o)
                                0x181 (size before relaxing)

.debug_loc      0x00000000      0x3fc
 *(.debug_loc)
 .debug_loc     0x00000000       0x1f obj/default/hello_world_small.o
 .debug_loc     0x0000001f       0x1f ../hello_bsp/\libhal_bsp.a(alt_getchar.o)
 .debug_loc     0x0000003e       0x1f ../hello_bsp/\libhal_bsp.a(alt_load.o)
 .debug_loc     0x0000005d       0x1f ../hello_bsp/\libhal_bsp.a(alt_main.o)
 .debug_loc     0x0000007c      0x175 ../hello_bsp/\libhal_bsp.a(alt_printf.o)
 .debug_loc     0x000001f1       0x3d ../hello_bsp/\libhal_bsp.a(alt_putchar.o)
 .debug_loc     0x0000022e       0x48 ../hello_bsp/\libhal_bsp.a(alt_putstr.o)
 .debug_loc     0x00000276       0x32 ../hello_bsp/\libhal_bsp.a(alt_sys_init.o)
 .debug_loc     0x000002a8       0x8c ../hello_bsp/\libhal_bsp.a(altera_avalon_uart_read.o)
 .debug_loc     0x00000334       0xaa ../hello_bsp/\libhal_bsp.a(altera_avalon_uart_write.o)
 .debug_loc     0x000003de       0x1e c:/altera/13.0/nios2eds/bin/gnu/h-i686-mingw32/bin/../lib/gcc/nios2-elf/4.1.2/../../../../nios2-elf/lib/mno-hw-mul\libsmallc.a(lib_a-strlen.o)

.debug_macinfo
 *(.debug_macinfo)

.debug_weaknames
 *(.debug_weaknames)

.debug_funcnames
 *(.debug_funcnames)

.debug_typenames
 *(.debug_typenames)

.debug_varnames
 *(.debug_varnames)

.debug_alt_sim_info
                0x00000000       0x10
 *(.debug_alt_sim_info)
 .debug_alt_sim_info
                0x00000000       0x10 ../hello_bsp//obj/HAL/src/crt0.o
                0x00006004                __alt_data_end = 0x6004
                0x00006004                PROVIDE (__alt_stack_pointer, __alt_data_end)
                0x00004608                PROVIDE (__alt_stack_limit, __alt_stack_base)
                0x00004608                PROVIDE (__alt_heap_start, end)
                0x00006004                PROVIDE (__alt_heap_limit, 0x6004)
OUTPUT(hello.elf elf32-littlenios2)

.debug_ranges   0x00000000       0x38
 .debug_ranges  0x00000000       0x20 ../hello_bsp//obj/HAL/src/crt0.o
 .debug_ranges  0x00000020       0x18 ../hello_bsp/\libhal_bsp.a(altera_avalon_uart_read.o)
